=== 构建用户程序 (riscv64) ===
[user] cache hit app0: 01_busy.c, 3292 bytes
[user] cache hit app1: 02_raw.S, 224 bytes
[user] cache hit app2: 03_hello.c, 3324 bytes
[user] cache hit app3: 04_fork_wait.c, 4276 bytes
[user] cache hit app4: 05_getpid_sleep.c, 3796 bytes
[user] cache hit app5: 06_estimate_pi.c, 6404 bytes
[user] cache hit app6: 07_fibonacci.c, 6748 bytes
[user] cache hit app7: 08_cat_motd.c, 3604 bytes
[user] cache hit app8: 09_fs_stress.c, 6188 bytes
[user] cache hit app9: 10_fs_stress2.c, 10252 bytes
[user] cache hit app10: 11_open_exec.c, 3980 bytes
[user] cache hit app11: 12_stat_test.c, 4212 bytes
[user] cache hit app12: 13_fork_stride_test.c, 5060 bytes
[user] cache hit app13: 14_thread_test.c, 6220 bytes
[user] cache hit app14: 15_mmap_test.c, 3564 bytes
[user] cache hit app15: 16_mmap_stress.c, 4652 bytes
[user] cache hit app16: 17_malloc_test.c, 6404 bytes
[user] cache hit app17: 18_elf_bss_test.c, 3572 bytes
[user] cache hit app18: 19_little_stress.c, 8660 bytes
[user] cache hit app19: 20_little_stress2.c, 11149 bytes
[user] cache hit app20: 21_malloc_test.c, 8388 bytes
[user] cache hit app21: 22_lock_test.c, 5972 bytes
[user] cache hit app22: 23_thread_malloc_test.c, 5932 bytes
[user] cache hit app23: 24_mmap_reuse_test.c, 4228 bytes
[user] cache hit app24: 25_thread_stack_reuse_test.c, 6004 bytes
[user] cache hit app25: 26_sqrt_schedule_test.c, 7652 bytes
[user] cache hit app26: 27_thread_stride_test.c, 6796 bytes
[user] cache hit app27: 28_mixed_workload_sched_test.c, 8436 bytes
[user] cache hit app28: 29_ticket_syscall_test.c, 6820 bytes
[user] cache hit app29: 30_alpha_sched_test.c, 8940 bytes
[user] cache hit app30: 31_reset_sched_test.c, 4172 bytes
[user] cache hit app31: 32_sched_stat_test.c, 4228 bytes
[user] cache hit app32: 33_alpha_sched_stat_test.c, 10436 bytes
[user] cache hit app33: 34_edge_deadline_test.c, 12508 bytes
[user] cache hit app34: 35_alpha_arg_test.c, 10060 bytes
[user] cache hit app35: 36_edge_deadline_arg_test.c, 13676 bytes
[user] cache hit app36: 37_adaptive_alpha_test.c, 20436 bytes
[user] cache hit app37: 38_stride_ticket_test.c, 7964 bytes
[user] cache hit app38: 39_smoother_adaptive_alpha_test.c, 22580 bytes
[user] cache hit app39: 40_dynamic_load_exp.c, 23388 bytes
[user] cache hit app40: 41_pipe_test.c, 9444 bytes
[user] cache hit app41: 42_pipe_stress.c, 11060 bytes
[user] cache hit app42: 43_directly_return.c, 256 bytes
[user] cache hit app43: 44_pipe_writer.c, 3188 bytes
[user] cache hit app44: 45_pipe_reader.c, 3348 bytes
[user] cache hit app45: 46_test_tmpfs_rw.c, 3516 bytes
[user] cache hit app46: 47_crud_test.c, 7548 bytes
[user] cache hit app47: 48_echo_args.c, 3236 bytes
[user] cache hit app48: 49_cat_stdin.c, 3156 bytes
[user] cache hit app49: 50_tick_time.c, 3604 bytes
[user] cache hit app50: 51_hello_rust.rs, 136 bytes
[user] cache hit app51: 52_rust_fibonacci.rs, 8144 bytes
[user] cache hit app52: 53_rust_estimate_pi.rs, 8112 bytes
[user] cache hit app53: 54_open_test.c, 5100 bytes
[user] cache hit app54: 55_open_test2.c, 5852 bytes
[user] cache hit app55: 56_cpp_test.cpp, 3296 bytes
[user] cache hit app56: 57_cpp_runtime.cpp, 3296 bytes
[user] cache hit app57: 58_vector_test.cpp, 7576 bytes
[user] cache hit app58: 59_cpp_test2.cpp, 3704 bytes
[user] cache hit app59: 60_matmul_test.cpp, 10848 bytes
[user] cache hit app60: 61_cmath_test.cpp, 11944 bytes
[user] cache hit app61: 62_fp_test.cpp, 4408 bytes
[user] cache hit app62: 63_cmath_test2.cpp, 24600 bytes
[user] cache hit app63: 64_test_cmath_fdlibm.cpp, 11592 bytes
[user] cache hit app64: 65_cpp_compat_test.cpp, 15612 bytes
[user] cache hit app65: 66_cpp_vector_test.cpp, 18940 bytes
[user] cache hit app66: 67_cpp_random_test.cpp, 18684 bytes
[user] cache hit app67: 68_cpp_string_test.cpp, 21100 bytes
[user] cache hit app68: 69_cpp_printf_test.cpp, 12020 bytes
[user] cache hit app69: 70_cpp_std_bridge_test.cpp, 29404 bytes
[user] cache hit app70: 71_cpp_ifstream.cpp, 16164 bytes
[user] cache hit app71: 72_kill_oneself_test.c, 8412 bytes
[user] cache hit app72: 73_loop_forever.c, 8268 bytes
[user] cache hit app73: 74_illegal_insn.c, 8292 bytes
[user] cache hit app74: 75_smp_cpu_bench.c, 9852 bytes
[user] cache hit app75: 76_smp_syscall_bench.c, 9196 bytes
[user] cache hit app76: 77_smp_fork_wait_bench.c, 9004 bytes
[user] cache hit app77: 78_smp_cpu_probe.c, 10452 bytes
[user] cache hit app78: 79_udp_test.c, 10100 bytes
[user] cache hit app79: 80_tcp_test.c, 9772 bytes
[user] cache hit app80: 81_schedlab_demo.c, 17244 bytes
[user] cache hit app81: calibrate.c, 22516 bytes
[user] cache hit app82: cat.c, 3852 bytes
[user] cache hit app83: echo.c, 3292 bytes
[user] cache hit app84: getip.c, 8396 bytes
[user] cache hit app85: grep.c, 3724 bytes
[user] cache hit app86: ls.c, 5156 bytes
[user] cache hit app87: ping.c, 10908 bytes
[user] cache hit app88: run_tick.c, 9108 bytes
[user] cache hit app89: run_tick_and_time.c, 9348 bytes
[user] cache hit app90: run_time.c, 9156 bytes
[user] cache hit app91: schedlab.c, 20004 bytes
[user] cache hit app92: setip.c, 8828 bytes
[user] cache hit app93: sexp1_mech.c, 17828 bytes
[user] cache hit app94: sexp2_edge.c, 18236 bytes
[user] cache hit app95: sexp2_multi.c, 18492 bytes
[user] cache hit app96: sexp3_aimd.c, 19268 bytes
+ riscv64-unknown-elf-gcc -march=rv64gc -mabi=lp64d -mcmodel=medany -mno-relax -msmall-data-limit=0 -DUSER_ARCH_RISCV64 -ffreestanding -fno-builtin -fno-stack-protector -fno-pic -fno-pie -nostdlib -nostartfiles -static -I /home/abcc/RmikuOS/user/include -c /home/abcc/RmikuOS/user/lib/crt0_riscv64.S -o /home/abcc/RmikuOS/user/build/riscv64/sched/97_sexp4_dyn_crt0.o
+ riscv64-unknown-elf-gcc -march=rv64gc -mabi=lp64d -mcmodel=medany -mno-relax -msmall-data-limit=0 -DUSER_ARCH_RISCV64 -ffreestanding -fno-builtin -fno-stack-protector -fno-pic -fno-pie -nostdlib -nostartfiles -static -I /home/abcc/RmikuOS/user/include -c /home/abcc/RmikuOS/user/sched/sexp4_dyn.c -o /home/abcc/RmikuOS/user/build/riscv64/sched/97_sexp4_dyn.o
+ riscv64-unknown-elf-gcc -march=rv64gc -mabi=lp64d -mcmodel=medany -mno-relax -msmall-data-limit=0 -DUSER_ARCH_RISCV64 -ffreestanding -fno-builtin -fno-stack-protector -fno-pic -fno-pie -nostdlib -nostartfiles -static -I /home/abcc/RmikuOS/user/include -c /home/abcc/RmikuOS/user/lib/syscall_riscv64.S -o /home/abcc/RmikuOS/user/build/riscv64/sched/97_sexp4_dyn_runtime.o
+ riscv64-unknown-elf-gcc -march=rv64gc -mabi=lp64d -mcmodel=medany -mno-relax -msmall-data-limit=0 -DUSER_ARCH_RISCV64 -ffreestanding -fno-builtin -fno-stack-protector -fno-pic -fno-pie -nostdlib -nostartfiles -static -I /home/abcc/RmikuOS/user/include -c /home/abcc/RmikuOS/user/lib/string.c -o /home/abcc/RmikuOS/user/build/riscv64/sched/97_sexp4_dyn_string.o
+ riscv64-unknown-elf-gcc -march=rv64gc -mabi=lp64d -mcmodel=medany -mno-relax -msmall-data-limit=0 -DUSER_ARCH_RISCV64 -nostdlib -nostartfiles -static -no-pie -Wl,--build-id=none -Wl,--no-relax -T /home/abcc/RmikuOS/user/linker-riscv64.ld /home/abcc/RmikuOS/user/build/riscv64/sched/97_sexp4_dyn_crt0.o /home/abcc/RmikuOS/user/build/riscv64/sched/97_sexp4_dyn.o /home/abcc/RmikuOS/user/build/riscv64/sched/97_sexp4_dyn_runtime.o /home/abcc/RmikuOS/user/build/riscv64/sched/97_sexp4_dyn_string.o -o /home/abcc/RmikuOS/user/build/riscv64/sched/97_sexp4_dyn.elf
+ riscv64-unknown-elf-objcopy -O binary -j .text /home/abcc/RmikuOS/user/build/riscv64/sched/97_sexp4_dyn.elf /home/abcc/RmikuOS/user/build/riscv64/sched/97_sexp4_dyn.bin
[user] built app97: sexp4_dyn.c, 19164 bytes
[user] cache hit app98: shell.c, 34952 bytes
[user] cache hit app99: tftp.c, 11036 bytes
[user] building rust workspace (riscv64) ...
+ cargo build --release --target riscv64gc-unknown-none-elf
[user] rust workspace program -> bank_system
[user] rust workspace program -> edit_past
[user] rust workspace program -> editor
[user] rust workspace program -> files
[user] rust workspace program -> float_test
[user] rust workspace program -> library_system
[user] rust workspace program -> my_math_constants
[user] rust workspace program -> rust_hello
[user] rust workspace program -> rust_rust
[user] rust workspace program -> try_args
[user] rust workspace program -> try_vec
[user] rust workspace program -> tsur_tsur
[user] rust workspace: 12 program(s) built
[user] cache hit project: container_demo
[user] cache hit project: jvm
[user] cache hit project: httpd
[user] cache hit project: math_demo
[user] cache hit project: gcn
[user] cache hit java: BenchAlu
[user] cache hit java: BenchArray
[user] cache hit java: BenchBranch
[user] cache hit java: BenchCall
[user] cache hit java: BenchMul
[user] cache hit java: BenchObject
[user] cache hit java: BenchString
[user] cache hit java: Fast_AAA
[user] cache hit java: bench
[user] cache hit java: fibonacci_java
[user] cache hit java: file_demo
[user] cache hit java: hello_java
[user] cache hit java: input_demo
[user] cache hit java: mem_demo
[user] cache hit java: net_demo
[user] cache hit java: proc_demo
[user] cache hit java: ray
[user] cache hit java: series_demo
[user] cache hit java: thread_demo
=== 构建 ext4 rootfs (riscv64) ===
=== 构建 ext4 rootfs (riscv64) ===
copy rootfs overlay: user/rootfs -> target/fsroot-riscv64
  [c] httpd -> /programs/httpd
  [c] math_demo -> /programs/math_demo
  [cpp] container_demo -> /programs/container_demo
  [cpp] jvm -> /programs/jvm
  [gcn] -> /gcn/
  [jvm] bench -> /jvm/bench/
  [jvm] BenchAlu -> /jvm/BenchAlu/
  [jvm] BenchArray -> /jvm/BenchArray/
  [jvm] BenchBranch -> /jvm/BenchBranch/
  [jvm] BenchCall -> /jvm/BenchCall/
  [jvm] BenchMul -> /jvm/BenchMul/
  [jvm] BenchObject -> /jvm/BenchObject/
  [jvm] BenchString -> /jvm/BenchString/
  [jvm] Fast_AAA -> /jvm/Fast_AAA/
  [jvm] fibonacci_java -> /jvm/fibonacci_java/
  [jvm] file_demo -> /jvm/file_demo/
  [jvm] hello_java -> /jvm/hello_java/
  [jvm] input_demo -> /jvm/input_demo/
  [jvm] mem_demo -> /jvm/mem_demo/
  [jvm] net_demo -> /jvm/net_demo/
  [jvm] proc_demo -> /jvm/proc_demo/
  [jvm] ray -> /jvm/ray/
  [jvm] rmiku_classes -> /jvm/rmiku_classes/
  [jvm] series_demo -> /jvm/series_demo/
  [jvm] thread_demo -> /jvm/thread_demo/
rootfs content:
target/fsroot-riscv64
target/fsroot-riscv64/bin
target/fsroot-riscv64/bin/cat
target/fsroot-riscv64/bin/echo
target/fsroot-riscv64/bin/getip
target/fsroot-riscv64/bin/grep
target/fsroot-riscv64/bin/ls
target/fsroot-riscv64/bin/ping
target/fsroot-riscv64/bin/run_tick
target/fsroot-riscv64/bin/run_tick_and_time
target/fsroot-riscv64/bin/run_time
target/fsroot-riscv64/bin/setip
target/fsroot-riscv64/bin/shell
target/fsroot-riscv64/bin/tftp
target/fsroot-riscv64/bin/tick
target/fsroot-riscv64/dev
target/fsroot-riscv64/etc
target/fsroot-riscv64/etc/motd
target/fsroot-riscv64/etc/path
target/fsroot-riscv64/fat
target/fsroot-riscv64/gcn
target/fsroot-riscv64/gcn/cora
target/fsroot-riscv64/gcn/cora/cora.cites
target/fsroot-riscv64/gcn/cora/cora.content
target/fsroot-riscv64/gcn/cora/README
target/fsroot-riscv64/gcn/gradcheck
target/fsroot-riscv64/gcn/main
target/fsroot-riscv64/gcn/train_cora
target/fsroot-riscv64/gcn/train_cora_GTA
target/fsroot-riscv64/home
target/fsroot-riscv64/home/learn
target/fsroot-riscv64/home/learn/learn_pci.md
target/fsroot-riscv64/home/learn/learn_virtio-blk.md
target/fsroot-riscv64/home/miku
target/fsroot-riscv64/home/miku/readme.txt
target/fsroot-riscv64/home/miku/test_for_redirection.txt
target/fsroot-riscv64/jvm
target/fsroot-riscv64/jvm/bench
target/fsroot-riscv64/jvm/BenchAlu
target/fsroot-riscv64/jvm/BenchAlu/BenchAlu.class
target/fsroot-riscv64/jvm/BenchAlu/Rmiku$IO.class
target/fsroot-riscv64/jvm/BenchAlu/Rmiku$Mem.class
target/fsroot-riscv64/jvm/BenchAlu/Rmiku$Net.class
target/fsroot-riscv64/jvm/BenchAlu/Rmiku$Proc.class
target/fsroot-riscv64/jvm/BenchAlu/Rmiku$Thread.class
target/fsroot-riscv64/jvm/BenchAlu/Rmiku.class
target/fsroot-riscv64/jvm/BenchArray
target/fsroot-riscv64/jvm/BenchArray/BenchArray.class
target/fsroot-riscv64/jvm/BenchArray/Rmiku$IO.class
target/fsroot-riscv64/jvm/BenchArray/Rmiku$Mem.class
target/fsroot-riscv64/jvm/BenchArray/Rmiku$Net.class
target/fsroot-riscv64/jvm/BenchArray/Rmiku$Proc.class
target/fsroot-riscv64/jvm/BenchArray/Rmiku$Thread.class
target/fsroot-riscv64/jvm/BenchArray/Rmiku.class
target/fsroot-riscv64/jvm/bench/Bench.class
target/fsroot-riscv64/jvm/BenchBranch
target/fsroot-riscv64/jvm/BenchBranch/BenchBranch.class
target/fsroot-riscv64/jvm/BenchBranch/Rmiku$IO.class
target/fsroot-riscv64/jvm/BenchBranch/Rmiku$Mem.class
target/fsroot-riscv64/jvm/BenchBranch/Rmiku$Net.class
target/fsroot-riscv64/jvm/BenchBranch/Rmiku$Proc.class
target/fsroot-riscv64/jvm/BenchBranch/Rmiku$Thread.class
target/fsroot-riscv64/jvm/BenchBranch/Rmiku.class
target/fsroot-riscv64/jvm/BenchCall
target/fsroot-riscv64/jvm/BenchCall/BenchCall.class
target/fsroot-riscv64/jvm/BenchCall/Rmiku$IO.class
target/fsroot-riscv64/jvm/BenchCall/Rmiku$Mem.class
target/fsroot-riscv64/jvm/BenchCall/Rmiku$Net.class
target/fsroot-riscv64/jvm/BenchCall/Rmiku$Proc.class
target/fsroot-riscv64/jvm/BenchCall/Rmiku$Thread.class
target/fsroot-riscv64/jvm/BenchCall/Rmiku.class
target/fsroot-riscv64/jvm/BenchMul
target/fsroot-riscv64/jvm/BenchMul/BenchMul.class
target/fsroot-riscv64/jvm/BenchMul/Rmiku$IO.class
target/fsroot-riscv64/jvm/BenchMul/Rmiku$Mem.class
target/fsroot-riscv64/jvm/BenchMul/Rmiku$Net.class
target/fsroot-riscv64/jvm/BenchMul/Rmiku$Proc.class
target/fsroot-riscv64/jvm/BenchMul/Rmiku$Thread.class
target/fsroot-riscv64/jvm/BenchMul/Rmiku.class
target/fsroot-riscv64/jvm/BenchObject
target/fsroot-riscv64/jvm/BenchObject/BenchObject$Point.class
target/fsroot-riscv64/jvm/BenchObject/BenchObject.class
target/fsroot-riscv64/jvm/BenchObject/Rmiku$IO.class
target/fsroot-riscv64/jvm/BenchObject/Rmiku$Mem.class
target/fsroot-riscv64/jvm/BenchObject/Rmiku$Net.class
target/fsroot-riscv64/jvm/BenchObject/Rmiku$Proc.class
target/fsroot-riscv64/jvm/BenchObject/Rmiku$Thread.class
target/fsroot-riscv64/jvm/BenchObject/Rmiku.class
target/fsroot-riscv64/jvm/bench/Rmiku$IO.class
target/fsroot-riscv64/jvm/bench/Rmiku$Mem.class
target/fsroot-riscv64/jvm/bench/Rmiku$Net.class
target/fsroot-riscv64/jvm/bench/Rmiku$Proc.class
target/fsroot-riscv64/jvm/bench/Rmiku$Thread.class
target/fsroot-riscv64/jvm/bench/Rmiku.class
target/fsroot-riscv64/jvm/BenchString
target/fsroot-riscv64/jvm/BenchString/BenchString.class
target/fsroot-riscv64/jvm/BenchString/Rmiku$IO.class
target/fsroot-riscv64/jvm/BenchString/Rmiku$Mem.class
target/fsroot-riscv64/jvm/BenchString/Rmiku$Net.class
target/fsroot-riscv64/jvm/BenchString/Rmiku$Proc.class
target/fsroot-riscv64/jvm/BenchString/Rmiku$Thread.class
target/fsroot-riscv64/jvm/BenchString/Rmiku.class
target/fsroot-riscv64/jvm/Fast_AAA
target/fsroot-riscv64/jvm/Fast_AAA/Fast_AAA.class
target/fsroot-riscv64/jvm/Fast_AAA/Rmiku$IO.class
target/fsroot-riscv64/jvm/Fast_AAA/Rmiku$Mem.class
target/fsroot-riscv64/jvm/Fast_AAA/Rmiku$Net.class
target/fsroot-riscv64/jvm/Fast_AAA/Rmiku$Proc.class
target/fsroot-riscv64/jvm/Fast_AAA/Rmiku$Thread.class
target/fsroot-riscv64/jvm/Fast_AAA/Rmiku.class
target/fsroot-riscv64/jvm/fibonacci_java
target/fsroot-riscv64/jvm/fibonacci_java/fibonacci_java.class
target/fsroot-riscv64/jvm/fibonacci_java/Rmiku$IO.class
target/fsroot-riscv64/jvm/fibonacci_java/Rmiku$Mem.class
target/fsroot-riscv64/jvm/fibonacci_java/Rmiku$Net.class
target/fsroot-riscv64/jvm/fibonacci_java/Rmiku$Proc.class
target/fsroot-riscv64/jvm/fibonacci_java/Rmiku$Thread.class
target/fsroot-riscv64/jvm/fibonacci_java/Rmiku.class
target/fsroot-riscv64/jvm/file_demo
target/fsroot-riscv64/jvm/file_demo/FileDemo.class
target/fsroot-riscv64/jvm/file_demo/Rmiku$IO.class
target/fsroot-riscv64/jvm/file_demo/Rmiku$Mem.class
target/fsroot-riscv64/jvm/file_demo/Rmiku$Net.class
target/fsroot-riscv64/jvm/file_demo/Rmiku$Proc.class
target/fsroot-riscv64/jvm/file_demo/Rmiku$Thread.class
target/fsroot-riscv64/jvm/file_demo/Rmiku.class
target/fsroot-riscv64/jvm/hello_java
target/fsroot-riscv64/jvm/hello_java/hello_java.class
target/fsroot-riscv64/jvm/hello_java/Rmiku$IO.class
target/fsroot-riscv64/jvm/hello_java/Rmiku$Mem.class
target/fsroot-riscv64/jvm/hello_java/Rmiku$Net.class
target/fsroot-riscv64/jvm/hello_java/Rmiku$Proc.class
target/fsroot-riscv64/jvm/hello_java/Rmiku$Thread.class
target/fsroot-riscv64/jvm/hello_java/Rmiku.class
target/fsroot-riscv64/jvm/input_demo
target/fsroot-riscv64/jvm/input_demo/InputDemo.class
target/fsroot-riscv64/jvm/input_demo/Rmiku$IO.class
target/fsroot-riscv64/jvm/input_demo/Rmiku$Mem.class
target/fsroot-riscv64/jvm/input_demo/Rmiku$Net.class
target/fsroot-riscv64/jvm/input_demo/Rmiku$Proc.class
target/fsroot-riscv64/jvm/input_demo/Rmiku$Thread.class
target/fsroot-riscv64/jvm/input_demo/Rmiku.class
target/fsroot-riscv64/jvm/mem_demo
target/fsroot-riscv64/jvm/mem_demo/MemDemo.class
target/fsroot-riscv64/jvm/mem_demo/Rmiku$IO.class
target/fsroot-riscv64/jvm/mem_demo/Rmiku$Mem.class
target/fsroot-riscv64/jvm/mem_demo/Rmiku$Net.class
target/fsroot-riscv64/jvm/mem_demo/Rmiku$Proc.class
target/fsroot-riscv64/jvm/mem_demo/Rmiku$Thread.class
target/fsroot-riscv64/jvm/mem_demo/Rmiku.class
target/fsroot-riscv64/jvm/net_demo
target/fsroot-riscv64/jvm/net_demo/NetDemo.class
target/fsroot-riscv64/jvm/net_demo/Rmiku$IO.class
target/fsroot-riscv64/jvm/net_demo/Rmiku$Mem.class
target/fsroot-riscv64/jvm/net_demo/Rmiku$Net.class
target/fsroot-riscv64/jvm/net_demo/Rmiku$Proc.class
target/fsroot-riscv64/jvm/net_demo/Rmiku$Thread.class
target/fsroot-riscv64/jvm/net_demo/Rmiku.class
target/fsroot-riscv64/jvm/proc_demo
target/fsroot-riscv64/jvm/proc_demo/ProcDemo.class
target/fsroot-riscv64/jvm/proc_demo/Rmiku$IO.class
target/fsroot-riscv64/jvm/proc_demo/Rmiku$Mem.class
target/fsroot-riscv64/jvm/proc_demo/Rmiku$Net.class
target/fsroot-riscv64/jvm/proc_demo/Rmiku$Proc.class
target/fsroot-riscv64/jvm/proc_demo/Rmiku$Thread.class
target/fsroot-riscv64/jvm/proc_demo/Rmiku.class
target/fsroot-riscv64/jvm/ray
target/fsroot-riscv64/jvm/ray/Ray.class
target/fsroot-riscv64/jvm/ray/RayWorker.class
target/fsroot-riscv64/jvm/ray/Rmiku$IO.class
target/fsroot-riscv64/jvm/ray/Rmiku$Mem.class
target/fsroot-riscv64/jvm/ray/Rmiku$Net.class
target/fsroot-riscv64/jvm/ray/Rmiku$Proc.class
target/fsroot-riscv64/jvm/ray/Rmiku$Thread.class
target/fsroot-riscv64/jvm/ray/Rmiku.class
target/fsroot-riscv64/jvm/rmiku_classes
target/fsroot-riscv64/jvm/rmiku_classes/Rmiku$IO.class
target/fsroot-riscv64/jvm/rmiku_classes/Rmiku$Mem.class
target/fsroot-riscv64/jvm/rmiku_classes/Rmiku$Net.class
target/fsroot-riscv64/jvm/rmiku_classes/Rmiku$Proc.class
target/fsroot-riscv64/jvm/rmiku_classes/Rmiku$Thread.class
target/fsroot-riscv64/jvm/rmiku_classes/Rmiku.class
target/fsroot-riscv64/jvm/series_demo
target/fsroot-riscv64/jvm/series_demo/Main.class
target/fsroot-riscv64/jvm/series_demo/Rmiku$IO.class
target/fsroot-riscv64/jvm/series_demo/Rmiku$Mem.class
target/fsroot-riscv64/jvm/series_demo/Rmiku$Net.class
target/fsroot-riscv64/jvm/series_demo/Rmiku$Proc.class
target/fsroot-riscv64/jvm/series_demo/Rmiku$Thread.class
target/fsroot-riscv64/jvm/series_demo/Rmiku.class
target/fsroot-riscv64/jvm/series_demo/Series.class
target/fsroot-riscv64/jvm/thread_demo
target/fsroot-riscv64/jvm/thread_demo/Rmiku$IO.class
target/fsroot-riscv64/jvm/thread_demo/Rmiku$Mem.class
target/fsroot-riscv64/jvm/thread_demo/Rmiku$Net.class
target/fsroot-riscv64/jvm/thread_demo/Rmiku$Proc.class
target/fsroot-riscv64/jvm/thread_demo/Rmiku$Thread.class
target/fsroot-riscv64/jvm/thread_demo/Rmiku.class
target/fsroot-riscv64/jvm/thread_demo/ThreadDemo.class
target/fsroot-riscv64/jvm/thread_demo/Worker.class
target/fsroot-riscv64/pages
target/fsroot-riscv64/pages/39beats.html
target/fsroot-riscv64/pages/39gallery.html
target/fsroot-riscv64/pages/wow.html
target/fsroot-riscv64/proc
target/fsroot-riscv64/proc/pipe_redirection_test_cmds.txt
target/fsroot-riscv64/programs
target/fsroot-riscv64/programs/bank_system
target/fsroot-riscv64/programs/container_demo
target/fsroot-riscv64/programs/editor
target/fsroot-riscv64/programs/edit_past
target/fsroot-riscv64/programs/files
target/fsroot-riscv64/programs/float_test
target/fsroot-riscv64/programs/httpd
target/fsroot-riscv64/programs/jvm
target/fsroot-riscv64/programs/library_system
target/fsroot-riscv64/programs/math_demo
target/fsroot-riscv64/programs/my_math_constants
target/fsroot-riscv64/programs/rust_hello
target/fsroot-riscv64/programs/rust_rust
target/fsroot-riscv64/programs/try_args
target/fsroot-riscv64/programs/try_vec
target/fsroot-riscv64/programs/tsur_tsur
target/fsroot-riscv64/random
target/fsroot-riscv64/random/128K.bin
target/fsroot-riscv64/random/16K.bin
target/fsroot-riscv64/random/1M.bin
target/fsroot-riscv64/random/256K.bin
target/fsroot-riscv64/random/32K.bin
target/fsroot-riscv64/random/4K.bin
target/fsroot-riscv64/random/512K.bin
target/fsroot-riscv64/random/64K.bin
target/fsroot-riscv64/random/8K.bin
target/fsroot-riscv64/random/big.bin
target/fsroot-riscv64/samples
target/fsroot-riscv64/samples/adaptive_alpha_test
target/fsroot-riscv64/samples/alpha_arg_test
target/fsroot-riscv64/samples/alpha_sched_stat_test
target/fsroot-riscv64/samples/alpha_sched_test
target/fsroot-riscv64/samples/busy
target/fsroot-riscv64/samples/cat_motd
target/fsroot-riscv64/samples/cat_stdin
target/fsroot-riscv64/samples/cmath_test
target/fsroot-riscv64/samples/cmath_test2
target/fsroot-riscv64/samples/cpp_compat_test
target/fsroot-riscv64/samples/cpp_ifstream
target/fsroot-riscv64/samples/cpp_printf_test
target/fsroot-riscv64/samples/cpp_random_test
target/fsroot-riscv64/samples/cpp_runtime
target/fsroot-riscv64/samples/cpp_std_bridge_test
target/fsroot-riscv64/samples/cpp_string_test
target/fsroot-riscv64/samples/cpp_test
target/fsroot-riscv64/samples/cpp_test2
target/fsroot-riscv64/samples/cpp_vector_test
target/fsroot-riscv64/samples/crud_test
target/fsroot-riscv64/samples/directly_return
target/fsroot-riscv64/samples/dynamic_load_exp
target/fsroot-riscv64/samples/echo_args
target/fsroot-riscv64/samples/edge_deadline_arg_test
target/fsroot-riscv64/samples/edge_deadline_test
target/fsroot-riscv64/samples/elf_bss_test
target/fsroot-riscv64/samples/estimate_pi
target/fsroot-riscv64/samples/fibonacci
target/fsroot-riscv64/samples/fork_stride_test
target/fsroot-riscv64/samples/fork_wait
target/fsroot-riscv64/samples/fp_test
target/fsroot-riscv64/samples/fs_stress
target/fsroot-riscv64/samples/fs_stress2
target/fsroot-riscv64/samples/getpid_sleep
target/fsroot-riscv64/samples/hello
target/fsroot-riscv64/samples/hello_rust
target/fsroot-riscv64/samples/illegal_insn
target/fsroot-riscv64/samples/kill_oneself_test
target/fsroot-riscv64/samples/little_stress
target/fsroot-riscv64/samples/little_stress2
target/fsroot-riscv64/samples/lock_test
target/fsroot-riscv64/samples/loop_forever
target/fsroot-riscv64/samples/malloc_test
target/fsroot-riscv64/samples/matmul_test
target/fsroot-riscv64/samples/mixed_workload_sched_test
target/fsroot-riscv64/samples/mmap_reuse_test
target/fsroot-riscv64/samples/mmap_stress
target/fsroot-riscv64/samples/mmap_test
target/fsroot-riscv64/samples/open_exec
target/fsroot-riscv64/samples/open_test
target/fsroot-riscv64/samples/open_test2
target/fsroot-riscv64/samples/pipe_reader
target/fsroot-riscv64/samples/pipe_stress
target/fsroot-riscv64/samples/pipe_test
target/fsroot-riscv64/samples/pipe_writer
target/fsroot-riscv64/samples/raw
target/fsroot-riscv64/samples/reset_sched_test
target/fsroot-riscv64/samples/rust_estimate_pi
target/fsroot-riscv64/samples/rust_fibonacci
target/fsroot-riscv64/samples/schedlab
target/fsroot-riscv64/samples/schedlab_demo
target/fsroot-riscv64/samples/sched_stat_test
target/fsroot-riscv64/samples/smoother_adaptive_alpha_test
target/fsroot-riscv64/samples/smp_cpu_bench
target/fsroot-riscv64/samples/smp_cpu_probe
target/fsroot-riscv64/samples/smp_fork_wait_bench
target/fsroot-riscv64/samples/smp_syscall_bench
target/fsroot-riscv64/samples/sqrt_schedule_test
target/fsroot-riscv64/samples/stat_test
target/fsroot-riscv64/samples/stride_ticket_test
target/fsroot-riscv64/samples/tcp_test
target/fsroot-riscv64/samples/test_cmath_fdlibm
target/fsroot-riscv64/samples/test_tmpfs_rw
target/fsroot-riscv64/samples/thread_malloc_test
target/fsroot-riscv64/samples/thread_stack_reuse_test
target/fsroot-riscv64/samples/thread_stride_test
target/fsroot-riscv64/samples/thread_test
target/fsroot-riscv64/samples/ticket_syscall_test
target/fsroot-riscv64/samples/tick_time
target/fsroot-riscv64/samples/udp_test
target/fsroot-riscv64/samples/vector_test
target/fsroot-riscv64/sched
target/fsroot-riscv64/sched/calibrate
target/fsroot-riscv64/sched/schedlab
target/fsroot-riscv64/sched/sexp1_mech
target/fsroot-riscv64/sched/sexp2_edge
target/fsroot-riscv64/sched/sexp2_multi
target/fsroot-riscv64/sched/sexp3_aimd
target/fsroot-riscv64/sched/sexp4_dyn
target/fsroot-riscv64/scripts
target/fsroot-riscv64/scripts/javabench.sh
target/fsroot-riscv64/scripts/test1.sh
target/fsroot-riscv64/share
target/fsroot-riscv64/share/ascii
target/fsroot-riscv64/share/ascii/miku.txt
target/fsroot-riscv64/share/docs
target/fsroot-riscv64/share/docs/hello.txt
target/fsroot-riscv64/tests
target/fsroot-riscv64/tests/adaptive_alpha_test
target/fsroot-riscv64/tests/alpha_arg_test
target/fsroot-riscv64/tests/alpha_sched_stat_test
target/fsroot-riscv64/tests/alpha_sched_test
target/fsroot-riscv64/tests/busy
target/fsroot-riscv64/tests/cat_motd
target/fsroot-riscv64/tests/cat_stdin
target/fsroot-riscv64/tests/cmath_test
target/fsroot-riscv64/tests/cmath_test2
target/fsroot-riscv64/tests/cpp_compat_test
target/fsroot-riscv64/tests/cpp_ifstream
target/fsroot-riscv64/tests/cpp_printf_test
target/fsroot-riscv64/tests/cpp_random_test
target/fsroot-riscv64/tests/cpp_runtime
target/fsroot-riscv64/tests/cpp_std_bridge_test
target/fsroot-riscv64/tests/cpp_string_test
target/fsroot-riscv64/tests/cpp_test
target/fsroot-riscv64/tests/cpp_test2
target/fsroot-riscv64/tests/cpp_vector_test
target/fsroot-riscv64/tests/crud_test
target/fsroot-riscv64/tests/directly_return
target/fsroot-riscv64/tests/dynamic_load_exp
target/fsroot-riscv64/tests/echo_args
target/fsroot-riscv64/tests/edge_deadline_arg_test
target/fsroot-riscv64/tests/edge_deadline_test
target/fsroot-riscv64/tests/elf_bss_test
target/fsroot-riscv64/tests/estimate_pi
target/fsroot-riscv64/tests/fibonacci
target/fsroot-riscv64/tests/fork_stride_test
target/fsroot-riscv64/tests/fork_wait
target/fsroot-riscv64/tests/fp_test
target/fsroot-riscv64/tests/fs_stress
target/fsroot-riscv64/tests/fs_stress2
target/fsroot-riscv64/tests/getpid_sleep
target/fsroot-riscv64/tests/hello
target/fsroot-riscv64/tests/hello_rust
target/fsroot-riscv64/tests/illegal_insn
target/fsroot-riscv64/tests/kill_oneself_test
target/fsroot-riscv64/tests/little_stress
target/fsroot-riscv64/tests/little_stress2
target/fsroot-riscv64/tests/lock_test
target/fsroot-riscv64/tests/loop_forever
target/fsroot-riscv64/tests/malloc_test
target/fsroot-riscv64/tests/matmul_test
target/fsroot-riscv64/tests/mixed_workload_sched_test
target/fsroot-riscv64/tests/mmap_reuse_test
target/fsroot-riscv64/tests/mmap_stress
target/fsroot-riscv64/tests/mmap_test
target/fsroot-riscv64/tests/open_exec
target/fsroot-riscv64/tests/open_test
target/fsroot-riscv64/tests/open_test2
target/fsroot-riscv64/tests/pipe_reader
target/fsroot-riscv64/tests/pipe_stress
target/fsroot-riscv64/tests/pipe_test
target/fsroot-riscv64/tests/pipe_writer
target/fsroot-riscv64/tests/raw
target/fsroot-riscv64/tests/reset_sched_test
target/fsroot-riscv64/tests/rust_estimate_pi
target/fsroot-riscv64/tests/rust_fibonacci
target/fsroot-riscv64/tests/schedlab
target/fsroot-riscv64/tests/schedlab_demo
target/fsroot-riscv64/tests/sched_stat_test
target/fsroot-riscv64/tests/smoother_adaptive_alpha_test
target/fsroot-riscv64/tests/smp_cpu_bench
target/fsroot-riscv64/tests/smp_cpu_probe
target/fsroot-riscv64/tests/smp_fork_wait_bench
target/fsroot-riscv64/tests/smp_syscall_bench
target/fsroot-riscv64/tests/sqrt_schedule_test
target/fsroot-riscv64/tests/stat_test
target/fsroot-riscv64/tests/stride_ticket_test
target/fsroot-riscv64/tests/tcp_test
target/fsroot-riscv64/tests/test_cmath_fdlibm
target/fsroot-riscv64/tests/test_tmpfs_rw
target/fsroot-riscv64/tests/thread_malloc_test
target/fsroot-riscv64/tests/thread_stack_reuse_test
target/fsroot-riscv64/tests/thread_stride_test
target/fsroot-riscv64/tests/thread_test
target/fsroot-riscv64/tests/ticket_syscall_test
target/fsroot-riscv64/tests/tick_time
target/fsroot-riscv64/tests/udp_test
target/fsroot-riscv64/tests/vector_test
target/fsroot-riscv64/tmp
created target/fs-riscv64.img
=== 构建 FAT 镜像 (riscv64) ===
mkfs.fat 4.2 (2021-01-31)
created target/fat-riscv64.img (fresh FAT16)
=== 编译内核 (riscv64, debug, LOG=warn) ===

=== 启动 QEMU (riscv64, mode=debug, net=user) ===
KERNEL: target/riscv64gc-unknown-none-elf/debug/RmikuOS


OpenSBI v1.8
   ____                    _____ ____ _____
  / __ \                  / ____|  _ \_   _|
 | |  | |_ __   ___ _ __ | (___ | |_) || |
 | |  | | '_ \ / _ \ '_ \ \___ \|  _ < | |
 | |__| | |_) |  __/ | | |____) | |_) || |_
  \____/| .__/ \___|_| |_|_____/|____/_____|
        | |
        |_|

Platform Name               : riscv-virtio,qemu
Platform Features           : medeleg
Platform HART Count         : 1
Platform HART Protection    : pmp
Platform IPI Device         : aclint-mswi
Platform Timer Device       : aclint-mtimer @ 10000000Hz
Platform Console Device     : uart8250
Platform HSM Device         : ---
Platform PMU Device         : ---
Platform Reboot Device      : syscon-reboot
Platform Shutdown Device    : syscon-poweroff
Platform Suspend Device     : ---
Platform CPPC Device        : ---
Firmware Base               : 0x80000000
Firmware Size               : 321 KB
Firmware RW Offset          : 0x40000
Firmware RW Size            : 65 KB
Firmware Heap Offset        : 0x47000
Firmware Heap Size          : 37 KB (total), 0 KB (reserved), 12 KB (used), 23 KB (free)
Firmware Scratch Size       : 4096 B (total), 1464 B (used), 2632 B (free)
Runtime SBI Version         : 3.0
Standard SBI Extensions     : ipi,pmu,srst,sse,hsm,rfnc,fwft,time,base,legacy,dbcn,dbtr
Experimental SBI Extensions : none

Domain0 Name                : root
Domain0 Boot HART           : 0
Domain0 HARTs               : 0*
Domain0 Region00            : 0x0000000080040000-0x000000008005ffff M: (F,R,W) S/U: ()
Domain0 Region01            : 0x0000000080000000-0x000000008003ffff M: (F,R,X) S/U: ()
Domain0 Region02            : 0x0000000000100000-0x0000000000100fff M: (I,R,W) S/U: (R,W)
Domain0 Region03            : 0x0000000010000000-0x0000000010000fff M: (I,R,W) S/U: (R,W)
Domain0 Region04            : 0x0000000002000000-0x000000000200ffff M: (I,R,W) S/U: ()
Domain0 Region05            : 0x000000000c400000-0x000000000c5fffff M: (I,R,W) S/U: (R,W)
Domain0 Region06            : 0x000000000c000000-0x000000000c3fffff M: (I,R,W) S/U: (R,W)
Domain0 Region07            : 0x0000000000000000-0xffffffffffffffff M: () S/U: (R,W,X)
Domain0 Next Address        : 0x0000000080200000
Domain0 Next Arg1           : 0x00000000bfe00000
Domain0 Next Mode           : S-mode
Domain0 SysReset            : yes
Domain0 SysSuspend          : yes

Boot HART ID                : 0
Boot HART Domain            : root
Boot HART Priv Version      : v1.12
Boot HART Base ISA          : rv64imafdch
Boot HART ISA Extensions    : sstc,zicntr,zihpm,zicboz,zicbom,sdtrig,svadu
Boot HART PMP Count         : 16
Boot HART PMP Granularity   : 2 bits
Boot HART PMP Address Bits  : 54
Boot HART MHPM Info         : 16 (0x0007fff8)
Boot HART Debug Triggers    : 2 triggers
Boot HART MIDELEG           : 0x0000000000001666
Boot HART MEDELEG           : 0x0000000000f4b509
主核初始化完毕。

     ____            _ _         ___  ____  
    |  _ \ _ __ ___ (_) | ___   / _ \/ ___| 
    | |_) | '_ ` _ \| | |/ / | | | | \___ \ 
    |  _ <| | | | | | |   <| |_| |_| |___) |
    |_| \_\_| |_| |_|_|_|\_\\___/___/|____/ 

        RmikuOS - Rusty tiny OS kernel
    
[93m[ WARN] [smp] failed to start hart 1[0m
[93m[ WARN] [smp] failed to start hart 2[0m
[93m[ WARN] [smp] failed to start hart 3[0m
[93m[ WARN] [smp] failed to start hart 4[0m
[93m[ WARN] [smp] failed to start hart 5[0m
[93m[ WARN] [smp] failed to start hart 6[0m
[93m[ WARN] [smp] failed to start hart 7[0m

RmikuOS shell
commands:
  help
  exit
  pwd
  cd <path>
  mkdir <path>
  touch <path>
  rm [-r] <path>
  rmdir <path>
  jobs
  clear
  shutdown

external commands are in /bin:
  try: ls /bin

/ $ 